[
 {
    "name": "A white room",
    "desc": "You are in a simple room with white walls.",
    "exits": { "north": 1, "east": 3, "northeast": 1 },
    "items": ["book"]
 },
 {
    "name": "A blue room",
    "desc": "This room is simple, too, but with blue walls.",
    "exits": { "east": 2, "south": 0 },
    "items": ["wisdom", "knife"]
 },
 {
    "name": "A room to adore",
    "desc": "You are in a simple room, with bright green walls.",
    "exits": { "west": 1, "south": 3 },
    "items": [],
    "win_condition": {
        "win_prompt": "This room is bright as heaven, It is heaven!\nDo you have the 'wisdom' to win?",
        "win_items": ["wisdom"],
        "win_text": "You had the 'wisdom'!",
        "no_win_text": "You don't have the 'wisdom'!",
        "optional_description": "For the player to win, they need to have 'wisdom' when they land into this room"
    }
 },
 {
    "name": "A doom room",
    "desc": "This room is fancy. It's red!",
    "exits": { "north": 2, "west": 0 },
    "items": ["rose"],
    "lose_condition": {
        "lose_prompt": "This room is painted with blood so it's red. \nOh my gosh! there's a grizzly bear! \nDo you have a knife to fight or you have come here to die?",
        "lose_text": "You didn't have 'knife' to fight the bear!",
        "escape_items": ["knife"],
        "escape_text": "You had a knife! you fight the bear and killed it!"
    }
 }
]